// Jest Snapshot v1, https://goo.gl/fbAQLP

exports[`Pruebas en <MultipleCustomHooks /> debe de mostrarse correctamente 1`] = `
<div>
  <h3>
     Breaking Bad Quotes
  </h3>
  <div
    className="alert alert-info text-center"
  >
    Loading
  </div>
  <footer
    className="blockquote-footer"
  >
     
     
  </footer>
  <button
    className="btn btn-secondary"
    onClick={[Function]}
  >
    Next quote
  </button>
  <hr />
</div>
`;
