// Jest Snapshot v1, https://goo.gl/fbAQLP

exports[`Pruebas en <HookApp> debe mostrarse correctamente 1`] = `
<div>
  <h1>
    Hola, mundo
  </h1>
  <CounterApp />
  <CounterWithCustomHook />
  <SimpleForm />
  <FormWithCustomHook />
  <MultipleCustomHooks />
  <FocusScreen />
  <RealExampleRef />
  <LayoutEffect />
  <Memorize />
  <MemoHook />
  <CallbackHook />
  <Padre />
</div>
`;
