// Jest Snapshot v1, https://goo.gl/fbAQLP

exports[`Pruebas en <TodoAdd /> debe de mostrarse correctamente 1`] = `
<div
  className="col-5"
>
  Agregar TODO
  <hr />
  <form
    onSubmit={[Function]}
  >
    <input
      className="form-control"
      name="description"
      onChange={[Function]}
      placeholder="Aprender..."
      type="text"
      value=""
    />
    <button
      className="btn btn-outline-primary mt-1 btn-block"
    >
      Agregar
    </button>
  </form>
</div>
`;
