// Jest Snapshot v1, https://goo.gl/fbAQLP

exports[`pruebas en <App /> should match the snapshot 1`] = `
<div>
  <h1>
    100
  </h1>
  <div>
    DIV
  </div>
  <button>
    +1
  </button>
  <button>
    -1
  </button>
  <button
    aria-label="btn-reset"
  >
    Reset
  </button>
</div>
`;
