// Jest Snapshot v1, https://goo.gl/fbAQLP

exports[`pruebas en <FirstApp /> should match the snapshot 1`] = `
<div>
  <h1
    data-testid="test-title"
  >
     
    a Title
     
  </h1>
  <p>
    a subtitle
  </p>
  <p>
    a subtitle
  </p>
  <p>
    a name
  </p>
</div>
`;
