// Jest Snapshot v1, https://goo.gl/fbAQLP

exports[`pruebas en <Primera App> debe mostrar <PrimeraApp>  1`] = `
<Fragment>
  <h1>
     Hola, soy 
    Juan
     
  </h1>
  <p>
    Soy un subt√≠tulo
  </p>
</Fragment>
`;
